$ next build && cp -r .next/static .next/standalone/.next/ && cp -r public .next/standalone/
   ▲ Next.js 15.3.5
   - Environments: .env

   Creating an optimized production build ...
Failed to compile.

./src/app/laporan/page.tsx
  [31mx[0m Unexpected token `div`. Expected jsx identifier
     ,-[[36;1;4m/home/z/my-project/src/app/laporan/page.tsx[0m:133:1]
 [2m130[0m |   ].sort((a, b) => new Date(b.tanggal).getTime() - new Date(a.tanggal).getTime())
 [2m131[0m | 
 [2m132[0m |   return (
 [2m133[0m |     <div style={{ minHeight: '100vh', backgroundColor: '#f3f4f6', fontFamily: 'Arial, sans-serif' }}>
     : [35;1m     ^^^[0m
 [2m134[0m |       <div style={{ backgroundColor: '#2563eb', color: 'white', padding: '20px' }}>
 [2m135[0m |         <div style={{ maxWidth: '1200px', margin: '0 auto', display: 'flex', justifyContent: 'space-between', alignItems: 'center' }}>
 [2m136[0m |           <button onClick={() => router.push('/')} style={{ background: 'transparent', border: 'none', color: 'white', cursor: 'pointer', fontSize: '14px' }}>← Kembali</button>
     `----

Caused by:
    Syntax Error

Import trace for requested module:
./src/app/laporan/page.tsx


> Build failed because of webpack errors
error: script "build" exited with code 1
